\BOOKMARK [0][-]{section*.6}{LISTA\040DE\040ABREVIATURAS}{}% 1
\BOOKMARK [0][-]{chapter.1}{Introducci\363n}{}% 2
\BOOKMARK [1][-]{section.1.1}{Motivaci\363n}{chapter.1}% 3
\BOOKMARK [1][-]{section.1.2}{Contexto\040del\040problema}{chapter.1}% 4
\BOOKMARK [1][-]{section.1.3}{Objetivos}{chapter.1}% 5
\BOOKMARK [1][-]{section.1.4}{Alcance}{chapter.1}% 6
\BOOKMARK [0][-]{chapter.2}{Estado\040del\040Arte}{}% 7
\BOOKMARK [1][-]{section.2.1}{El\040problema\040de\040la\040detecci\363n\040y\040seguimiento\040de\040riesgo\040de\040impacto}{chapter.2}% 8
\BOOKMARK [1][-]{section.2.2}{M\351todos\040cl\341sicos\040de\040determinaci\363n\040orbital\040y\040evaluaci\363n\040de\040riesgo}{chapter.2}% 9
\BOOKMARK [2][-]{subsection.2.2.1}{Din\341mica\040de\040dos\040cuerpos\040y\040elementos\040orbitales}{section.2.2}% 10
\BOOKMARK [2][-]{subsection.2.2.2}{Propagadores\040num\351ricos\040y\040modelos\040de\040perturbaciones}{section.2.2}% 11
\BOOKMARK [2][-]{subsection.2.2.3}{M\351todos\040estad\355sticos\040y\040Monte\040Carlo:\040de\040la\040\363rbita\040a\040la\040probabilidad\040de\040impacto}{section.2.2}% 12
\BOOKMARK [2][-]{subsection.2.2.4}{Integraci\363n\040de\040aproximaciones\040y\040posicionamiento\040de\040este\040trabajo}{section.2.2}% 13
\BOOKMARK [1][-]{section.2.3}{Determinaci\363n\040y\040predicci\363n\040orbital\040mediante\040aprendizaje\040autom\341tico}{chapter.2}% 14
\BOOKMARK [1][-]{section.2.4}{Clasificaci\363n\040de\040riesgo\040y\040peligrosidad\040de\040asteroides\040mediante\040aprendizaje\040autom\341tico}{chapter.2}% 15
\BOOKMARK [1][-]{section.2.5}{Fundamentos\040del\040Perceptr\363n\040Multicapa}{chapter.2}% 16
\BOOKMARK [1][-]{section.2.6}{Desbalanceo\040de\040clases\040en\040problemas\040de\040clasificaci\363n\040astron\363mica}{chapter.2}% 17
\BOOKMARK [1][-]{section.2.7}{Posicionamiento\040de\040este\040TFG}{chapter.2}% 18
\BOOKMARK [0][-]{chapter.3}{Metodolog\355a}{}% 19
\BOOKMARK [1][-]{section.3.1}{Obtenci\363n\040y\040construcci\363n\040del\040conjunto\040de\040datos}{chapter.3}% 20
\BOOKMARK [1][-]{section.3.2}{An\341lisis\040y\040validaci\363n\040cr\355tica\040de\040la\040variable\040objetivo}{chapter.3}% 21
\BOOKMARK [1][-]{section.3.3}{Preprocesado\040y\040construcci\363n\040del\040pipeline\040de\040transformaci\363n}{chapter.3}% 22
\BOOKMARK [1][-]{section.3.4}{Estrategia\040de\040validaci\363n\040y\040partici\363n\040de\040los\040datos}{chapter.3}% 23
\BOOKMARK [1][-]{section.3.5}{Tratamiento\040del\040desbalanceo\040de\040clases}{chapter.3}% 24
\BOOKMARK [1][-]{section.3.6}{Modelos\040de\040referencia:\040clasificadores\040cl\341sicos}{chapter.3}% 25
\BOOKMARK [1][-]{section.3.7}{Optimizaci\363n\040del\040Perceptr\363n\040Multicapa}{chapter.3}% 26
\BOOKMARK [1][-]{section.3.8}{Diagn\363stico\040visual\040y\040exportaci\363n\040de\040resultados}{chapter.3}% 27
\BOOKMARK [0][-]{chapter.4}{Implementaci\363n}{}% 28
\BOOKMARK [1][-]{section.4.1}{Entorno\040de\040desarrollo}{chapter.4}% 29
\BOOKMARK [1][-]{section.4.2}{Estructura\040del\040proyecto}{chapter.4}% 30
\BOOKMARK [1][-]{section.4.3}{M\363dulo\040de\040construcci\363n\040del\040dataset:\040CodigoPrepararBBDD.py}{chapter.4}% 31
\BOOKMARK [1][-]{section.4.4}{M\363dulo\040de\040modelos\040cl\341sicos:\040CodigoCompararModelos.py}{chapter.4}% 32
\BOOKMARK [1][-]{section.4.5}{M\363dulo\040de\040red\040neuronal:\040CodigoRedNeuronal.py}{chapter.4}% 33
\BOOKMARK [1][-]{section.4.6}{Flujo\040de\040ejecuci\363n\040del\040sistema}{chapter.4}% 34
\BOOKMARK [0][-]{chapter.5}{Resultados}{}% 35
\BOOKMARK [0][-]{chapter.6}{Discusi\363n\040y\040Conclusiones}{}% 36
\BOOKMARK [0][-]{chapter.7}{Marco\040Regulador}{}% 37
\BOOKMARK [0][-]{chapter.8}{Entorno\040Socio-Econ\363mico}{}% 38
\BOOKMARK [0][-]{chapter.8}{Bibliograf\355a}{}% 39
